// Jest Snapshot v1, https://goo.gl/fbAQLP

exports[`Affirmations should render a snapshot with correct data passed in 1`] = `
ShallowWrapper {
  Symbol(enzyme.__root__): [Circular],
  Symbol(enzyme.__unrendered__): <Affirmations />,
  Symbol(enzyme.__renderer__): Object {
    "batchedUpdates": [Function],
    "checkPropTypes": [Function],
    "getNode": [Function],
    "render": [Function],
    "simulateError": [Function],
    "simulateEvent": [Function],
    "unmount": [Function],
  },
  Symbol(enzyme.__node__): Object {
    "instance": null,
    "key": undefined,
    "nodeType": "host",
    "props": Object {
      "children": Array [
        <Logo />,
        <h1
          className="month"
        >
          Febuary
           Affirmations
        </h1>,
        <ul
          className="affirmation-list"
        />,
        <button
          className="standard-btn light back-to-calendar-btn"
        >
          calendar
        </button>,
      ],
      "className": "month-affirmations",
    },
    "ref": null,
    "rendered": Array [
      Object {
        "instance": null,
        "key": undefined,
        "nodeType": "function",
        "props": Object {},
        "ref": null,
        "rendered": null,
        "type": [Function],
      },
      Object {
        "instance": null,
        "key": undefined,
        "nodeType": "host",
        "props": Object {
          "children": Array [
            "Febuary",
            " Affirmations",
          ],
          "className": "month",
        },
        "ref": null,
        "rendered": Array [
          "Febuary",
          " Affirmations",
        ],
        "type": "h1",
      },
      Object {
        "instance": null,
        "key": undefined,
        "nodeType": "host",
        "props": Object {
          "children": Array [],
          "className": "affirmation-list",
        },
        "ref": null,
        "rendered": Array [],
        "type": "ul",
      },
      Object {
        "instance": null,
        "key": undefined,
        "nodeType": "host",
        "props": Object {
          "children": "calendar",
          "className": "standard-btn light back-to-calendar-btn",
        },
        "ref": null,
        "rendered": "calendar",
        "type": "button",
      },
    ],
    "type": "div",
  },
  Symbol(enzyme.__nodes__): Array [
    Object {
      "instance": null,
      "key": undefined,
      "nodeType": "host",
      "props": Object {
        "children": Array [
          <Logo />,
          <h1
            className="month"
          >
            Febuary
             Affirmations
          </h1>,
          <ul
            className="affirmation-list"
          />,
          <button
            className="standard-btn light back-to-calendar-btn"
          >
            calendar
          </button>,
        ],
        "className": "month-affirmations",
      },
      "ref": null,
      "rendered": Array [
        Object {
          "instance": null,
          "key": undefined,
          "nodeType": "function",
          "props": Object {},
          "ref": null,
          "rendered": null,
          "type": [Function],
        },
        Object {
          "instance": null,
          "key": undefined,
          "nodeType": "host",
          "props": Object {
            "children": Array [
              "Febuary",
              " Affirmations",
            ],
            "className": "month",
          },
          "ref": null,
          "rendered": Array [
            "Febuary",
            " Affirmations",
          ],
          "type": "h1",
        },
        Object {
          "instance": null,
          "key": undefined,
          "nodeType": "host",
          "props": Object {
            "children": Array [],
            "className": "affirmation-list",
          },
          "ref": null,
          "rendered": Array [],
          "type": "ul",
        },
        Object {
          "instance": null,
          "key": undefined,
          "nodeType": "host",
          "props": Object {
            "children": "calendar",
            "className": "standard-btn light back-to-calendar-btn",
          },
          "ref": null,
          "rendered": "calendar",
          "type": "button",
        },
      ],
      "type": "div",
    },
  ],
  Symbol(enzyme.__options__): Object {
    "adapter": ReactSixteenAdapter {
      "options": Object {
        "enableComponentDidUpdateOnSetState": true,
        "legacyContextMode": "parent",
        "lifecycles": Object {
          "componentDidUpdate": Object {
            "onSetState": true,
          },
          "getChildContext": Object {
            "calledByRenderer": false,
          },
          "getDerivedStateFromProps": true,
          "getSnapshotBeforeUpdate": true,
          "setState": Object {
            "skipsComponentDidUpdateOnNullish": true,
          },
        },
      },
    },
  },
}
`;
