// Jest Snapshot v1, https://goo.gl/fbAQLP

exports[`WriteAffirmation should render a snapshot with correct data passed in 1`] = `undefined`;
