// Jest Snapshot v1, https://goo.gl/fbAQLP

exports[`App should render a snapshot with correct data passed in 1`] = `
ShallowWrapper {
  Symbol(enzyme.__root__): [Circular],
  Symbol(enzyme.__unrendered__): <App />,
  Symbol(enzyme.__renderer__): Object {
    "batchedUpdates": [Function],
    "checkPropTypes": [Function],
    "getNode": [Function],
    "render": [Function],
    "simulateError": [Function],
    "simulateEvent": [Function],
    "unmount": [Function],
  },
  Symbol(enzyme.__node__): Object {
    "instance": null,
    "key": undefined,
    "nodeType": "host",
    "props": Object {
      "children": <Switch>
        <Route
          exact={true}
          path="/"
          render={[Function]}
        />
        <Route
          exact={true}
          path="/signup"
          render={[Function]}
        />
        <Route
          exact={true}
          path="/home"
          render={[Function]}
        />
        <Route
          exact={true}
          path="/calendarview"
          render={[Function]}
        />
        <Route
          exact={true}
          path="/dailyview"
          render={[Function]}
        />
        <Route
          exact={true}
          path="/journal"
          render={[Function]}
        />
        <Route
          exact={true}
          path="/todaymood"
          render={[Function]}
        />
        <Route
          exact={true}
          path="/affirmations"
          render={[Function]}
        />
        <Route
          exact={true}
          path="/writeaffirmation"
          render={[Function]}
        />
        <Route
          exact={true}
          path="/info"
          render={[Function]}
        />
        <Route
          path=""
          render={[Function]}
        />
      </Switch>,
      "className": "App",
    },
    "ref": null,
    "rendered": Object {
      "instance": null,
      "key": undefined,
      "nodeType": "class",
      "props": Object {
        "children": Array [
          <Route
            exact={true}
            path="/"
            render={[Function]}
          />,
          <Route
            exact={true}
            path="/signup"
            render={[Function]}
          />,
          <Route
            exact={true}
            path="/home"
            render={[Function]}
          />,
          <Route
            exact={true}
            path="/calendarview"
            render={[Function]}
          />,
          <Route
            exact={true}
            path="/dailyview"
            render={[Function]}
          />,
          <Route
            exact={true}
            path="/journal"
            render={[Function]}
          />,
          <Route
            exact={true}
            path="/todaymood"
            render={[Function]}
          />,
          <Route
            exact={true}
            path="/affirmations"
            render={[Function]}
          />,
          <Route
            exact={true}
            path="/writeaffirmation"
            render={[Function]}
          />,
          <Route
            exact={true}
            path="/info"
            render={[Function]}
          />,
          <Route
            path=""
            render={[Function]}
          />,
        ],
      },
      "ref": null,
      "rendered": Array [
        Object {
          "instance": null,
          "key": undefined,
          "nodeType": "class",
          "props": Object {
            "exact": true,
            "path": "/",
            "render": [Function],
          },
          "ref": null,
          "rendered": null,
          "type": [Function],
        },
        Object {
          "instance": null,
          "key": undefined,
          "nodeType": "class",
          "props": Object {
            "exact": true,
            "path": "/signup",
            "render": [Function],
          },
          "ref": null,
          "rendered": null,
          "type": [Function],
        },
        Object {
          "instance": null,
          "key": undefined,
          "nodeType": "class",
          "props": Object {
            "exact": true,
            "path": "/home",
            "render": [Function],
          },
          "ref": null,
          "rendered": null,
          "type": [Function],
        },
        Object {
          "instance": null,
          "key": undefined,
          "nodeType": "class",
          "props": Object {
            "exact": true,
            "path": "/calendarview",
            "render": [Function],
          },
          "ref": null,
          "rendered": null,
          "type": [Function],
        },
        Object {
          "instance": null,
          "key": undefined,
          "nodeType": "class",
          "props": Object {
            "exact": true,
            "path": "/dailyview",
            "render": [Function],
          },
          "ref": null,
          "rendered": null,
          "type": [Function],
        },
        Object {
          "instance": null,
          "key": undefined,
          "nodeType": "class",
          "props": Object {
            "exact": true,
            "path": "/journal",
            "render": [Function],
          },
          "ref": null,
          "rendered": null,
          "type": [Function],
        },
        Object {
          "instance": null,
          "key": undefined,
          "nodeType": "class",
          "props": Object {
            "exact": true,
            "path": "/todaymood",
            "render": [Function],
          },
          "ref": null,
          "rendered": null,
          "type": [Function],
        },
        Object {
          "instance": null,
          "key": undefined,
          "nodeType": "class",
          "props": Object {
            "exact": true,
            "path": "/affirmations",
            "render": [Function],
          },
          "ref": null,
          "rendered": null,
          "type": [Function],
        },
        Object {
          "instance": null,
          "key": undefined,
          "nodeType": "class",
          "props": Object {
            "exact": true,
            "path": "/writeaffirmation",
            "render": [Function],
          },
          "ref": null,
          "rendered": null,
          "type": [Function],
        },
        Object {
          "instance": null,
          "key": undefined,
          "nodeType": "class",
          "props": Object {
            "exact": true,
            "path": "/info",
            "render": [Function],
          },
          "ref": null,
          "rendered": null,
          "type": [Function],
        },
        Object {
          "instance": null,
          "key": undefined,
          "nodeType": "class",
          "props": Object {
            "path": "",
            "render": [Function],
          },
          "ref": null,
          "rendered": null,
          "type": [Function],
        },
      ],
      "type": [Function],
    },
    "type": "div",
  },
  Symbol(enzyme.__nodes__): Array [
    Object {
      "instance": null,
      "key": undefined,
      "nodeType": "host",
      "props": Object {
        "children": <Switch>
          <Route
            exact={true}
            path="/"
            render={[Function]}
          />
          <Route
            exact={true}
            path="/signup"
            render={[Function]}
          />
          <Route
            exact={true}
            path="/home"
            render={[Function]}
          />
          <Route
            exact={true}
            path="/calendarview"
            render={[Function]}
          />
          <Route
            exact={true}
            path="/dailyview"
            render={[Function]}
          />
          <Route
            exact={true}
            path="/journal"
            render={[Function]}
          />
          <Route
            exact={true}
            path="/todaymood"
            render={[Function]}
          />
          <Route
            exact={true}
            path="/affirmations"
            render={[Function]}
          />
          <Route
            exact={true}
            path="/writeaffirmation"
            render={[Function]}
          />
          <Route
            exact={true}
            path="/info"
            render={[Function]}
          />
          <Route
            path=""
            render={[Function]}
          />
        </Switch>,
        "className": "App",
      },
      "ref": null,
      "rendered": Object {
        "instance": null,
        "key": undefined,
        "nodeType": "class",
        "props": Object {
          "children": Array [
            <Route
              exact={true}
              path="/"
              render={[Function]}
            />,
            <Route
              exact={true}
              path="/signup"
              render={[Function]}
            />,
            <Route
              exact={true}
              path="/home"
              render={[Function]}
            />,
            <Route
              exact={true}
              path="/calendarview"
              render={[Function]}
            />,
            <Route
              exact={true}
              path="/dailyview"
              render={[Function]}
            />,
            <Route
              exact={true}
              path="/journal"
              render={[Function]}
            />,
            <Route
              exact={true}
              path="/todaymood"
              render={[Function]}
            />,
            <Route
              exact={true}
              path="/affirmations"
              render={[Function]}
            />,
            <Route
              exact={true}
              path="/writeaffirmation"
              render={[Function]}
            />,
            <Route
              exact={true}
              path="/info"
              render={[Function]}
            />,
            <Route
              path=""
              render={[Function]}
            />,
          ],
        },
        "ref": null,
        "rendered": Array [
          Object {
            "instance": null,
            "key": undefined,
            "nodeType": "class",
            "props": Object {
              "exact": true,
              "path": "/",
              "render": [Function],
            },
            "ref": null,
            "rendered": null,
            "type": [Function],
          },
          Object {
            "instance": null,
            "key": undefined,
            "nodeType": "class",
            "props": Object {
              "exact": true,
              "path": "/signup",
              "render": [Function],
            },
            "ref": null,
            "rendered": null,
            "type": [Function],
          },
          Object {
            "instance": null,
            "key": undefined,
            "nodeType": "class",
            "props": Object {
              "exact": true,
              "path": "/home",
              "render": [Function],
            },
            "ref": null,
            "rendered": null,
            "type": [Function],
          },
          Object {
            "instance": null,
            "key": undefined,
            "nodeType": "class",
            "props": Object {
              "exact": true,
              "path": "/calendarview",
              "render": [Function],
            },
            "ref": null,
            "rendered": null,
            "type": [Function],
          },
          Object {
            "instance": null,
            "key": undefined,
            "nodeType": "class",
            "props": Object {
              "exact": true,
              "path": "/dailyview",
              "render": [Function],
            },
            "ref": null,
            "rendered": null,
            "type": [Function],
          },
          Object {
            "instance": null,
            "key": undefined,
            "nodeType": "class",
            "props": Object {
              "exact": true,
              "path": "/journal",
              "render": [Function],
            },
            "ref": null,
            "rendered": null,
            "type": [Function],
          },
          Object {
            "instance": null,
            "key": undefined,
            "nodeType": "class",
            "props": Object {
              "exact": true,
              "path": "/todaymood",
              "render": [Function],
            },
            "ref": null,
            "rendered": null,
            "type": [Function],
          },
          Object {
            "instance": null,
            "key": undefined,
            "nodeType": "class",
            "props": Object {
              "exact": true,
              "path": "/affirmations",
              "render": [Function],
            },
            "ref": null,
            "rendered": null,
            "type": [Function],
          },
          Object {
            "instance": null,
            "key": undefined,
            "nodeType": "class",
            "props": Object {
              "exact": true,
              "path": "/writeaffirmation",
              "render": [Function],
            },
            "ref": null,
            "rendered": null,
            "type": [Function],
          },
          Object {
            "instance": null,
            "key": undefined,
            "nodeType": "class",
            "props": Object {
              "exact": true,
              "path": "/info",
              "render": [Function],
            },
            "ref": null,
            "rendered": null,
            "type": [Function],
          },
          Object {
            "instance": null,
            "key": undefined,
            "nodeType": "class",
            "props": Object {
              "path": "",
              "render": [Function],
            },
            "ref": null,
            "rendered": null,
            "type": [Function],
          },
        ],
        "type": [Function],
      },
      "type": "div",
    },
  ],
  Symbol(enzyme.__options__): Object {
    "adapter": ReactSixteenAdapter {
      "options": Object {
        "enableComponentDidUpdateOnSetState": true,
        "legacyContextMode": "parent",
        "lifecycles": Object {
          "componentDidUpdate": Object {
            "onSetState": true,
          },
          "getChildContext": Object {
            "calledByRenderer": false,
          },
          "getDerivedStateFromProps": true,
          "getSnapshotBeforeUpdate": true,
          "setState": Object {
            "skipsComponentDidUpdateOnNullish": true,
          },
        },
      },
    },
  },
}
`;
